C51 COMPILER V9.60.0.0   KEYBOARD                                                          04/07/2023 14:41:02 PAGE 1   


C51 COMPILER V9.60.0.0, COMPILATION OF MODULE KEYBOARD
OBJECT MODULE PLACED IN .\Objects\keyboard.obj
COMPILER INVOKED BY: D:\keil\C51\BIN\C51.EXE ..\Driver\keyboard.c OPTIMIZE(8,SPEED) BROWSE INCDIR(..\Driver;..\Include;.
                    -.\User) DEBUG OBJECTEXTEND PRINT(.\Listings\keyboard.lst) OBJECT(.\Objects\keyboard.obj)

line level    source

   1          #include "keyboard.h"
   2          
   3          unsigned char code Key_Map[2][4] = {
   4                  {'1','2','3','A'},
   5                  {'4','5','6','B'}
   6          };
   7          unsigned char Key_Sta[2][4] = {
   8                  {1,1,1,1},{1,1,1,1}
   9          };
  10          
  11          extern void KeyAction(unsigned char keycode);
  12          
  13          void KeyDriver()
  14          {
  15   1              unsigned char i,j;
  16   1              static unsigned char backup[2][4] ={
  17   1                      {1,1,1,1},{1,1,1,1}
  18   1              };
  19   1              
  20   1              for(i = 0; i < 2; i++)
  21   1              {
  22   2                      for(j = 0; j < 4; j++)
  23   2                      {
  24   3                              if(backup[i][j] != Key_Sta[i][j])
  25   3                              {
  26   4                                      if(backup[i][j] != 0)
  27   4                                      {
  28   5                                              KeyAction(Key_Map[i][j]);
  29   5                                      }
  30   4                                      backup[i][j] = Key_Sta[i][j];
  31   4                              }
  32   3                      }
  33   2              }
  34   1      }
  35          
  36          void KeyScan()
  37          {
  38   1              unsigned char i;
  39   1              static unsigned char keyout = 0;
  40   1              static unsigned char Key_Buff[2][4] ={
  41   1                      {0xFF,0xFF,0xFF,0xFF},{0xFF,0xFF,0xFF,0xFF}
  42   1              };
  43   1              
  44   1              Key_Buff[keyout][0] = Key_Buff[keyout][0] << 1 | KEY_IN_1;
  45   1              Key_Buff[keyout][1] = Key_Buff[keyout][1] << 1 | KEY_IN_2;
  46   1              Key_Buff[keyout][2] = Key_Buff[keyout][2] << 1 | KEY_IN_3;
  47   1              Key_Buff[keyout][3] = Key_Buff[keyout][3] << 1 | KEY_IN_4;
  48   1              
  49   1              for(i = 0; i < 4; i++)
  50   1              {
  51   2                      if((Key_Buff[keyout][i] & 0x0F) == 0x00)
  52   2                      {
  53   3                              Key_Sta[keyout][i] = 0;
  54   3                      }
C51 COMPILER V9.60.0.0   KEYBOARD                                                          04/07/2023 14:41:02 PAGE 2   

  55   2                      else if((Key_Buff[keyout][i] & 0x0F) == 0x0F)
  56   2                      {
  57   3                              Key_Sta[keyout][i] = 1;
  58   3                      }
  59   2              }
  60   1              
  61   1              keyout++;
  62   1              keyout &= 0x01;
  63   1              
  64   1              switch(keyout)
  65   1              {
  66   2                      case 0: KEY_OUT_2 = 1; KEY_OUT_1 = 0; break;
  67   2                      case 1: KEY_OUT_1 = 1; KEY_OUT_2 = 0; break;
  68   2                      default: break;
  69   2              }
  70   1      }


MODULE INFORMATION:   STATIC OVERLAYABLE
   CODE SIZE        =    335    ----
   CONSTANT SIZE    =      8    ----
   XDATA SIZE       =   ----    ----
   PDATA SIZE       =   ----    ----
   DATA SIZE        =     25       2
   IDATA SIZE       =   ----    ----
   BIT SIZE         =   ----    ----
END OF MODULE INFORMATION.


C51 COMPILATION COMPLETE.  0 WARNING(S),  0 ERROR(S)
