C51 COMPILER V9.60.0.0   KEYBOARD                                                          04/04/2023 22:08:55 PAGE 1   


C51 COMPILER V9.60.0.0, COMPILATION OF MODULE KEYBOARD
OBJECT MODULE PLACED IN .\Objects\keyboard.obj
COMPILER INVOKED BY: D:\keil\C51\BIN\C51.EXE ..\Driver\keyboard.c OPTIMIZE(8,SPEED) BROWSE INCDIR(..\Driver;..\Include;.
                    -.\User) DEBUG OBJECTEXTEND PRINT(.\Listings\keyboard.lst) OBJECT(.\Objects\keyboard.obj)

line level    source

   1          #include "keyboard.h"
   2          
   3          unsigned char code Key_Map[4] = {'1','2','3','4'};
   4          unsigned char Key_Sta[4] = {1,1,1,1};
   5          
   6          extern void KeyAction(unsigned char keycode);
   7          
   8          void KeyDriver()
   9          {
  10   1              unsigned char i = 0;
  11   1              static unsigned char backup[4] = {1,1,1,1};
  12   1              for(i = 0; i < 4; i++)
  13   1              {
  14   2                      if(backup[i] != Key_Sta[i])
  15   2                      {
  16   3                              if(backup[i] != 0)
  17   3                              {
  18   4                                      KeyAction(Key_Map[i]);
  19   4                              }
  20   3                              backup[i] = Key_Sta[i];
  21   3                      }
  22   2              }
  23   1      }
  24          
  25          void KeyScan()
  26          {
  27   1              static unsigned char keyout = 0;
  28   1              static unsigned char Key_Buff[4] = {0xFF,0xFF,0xFF,0xFF};
  29   1              
  30   1              switch(keyout)
  31   1              {
  32   2                      case 0: Key_Buff[0] = Key_Buff[0] << 1 | KEY_OUT_1;break;
  33   2                      case 1: Key_Buff[1] = Key_Buff[1] << 1 | KEY_OUT_2;break;
  34   2                      case 2: Key_Buff[2] = Key_Buff[2] << 1 | KEY_OUT_3;break;
  35   2                      case 3: Key_Buff[3] = Key_Buff[3] << 1 | KEY_OUT_4;break;
  36   2                      default:break;
  37   2              }
  38   1              
  39   1              if((Key_Buff[keyout] & 0x0F) == 0x00)
  40   1              {
  41   2                      Key_Sta[keyout] = 0;
  42   2              }
  43   1              else if((Key_Buff[keyout] & 0x0F) == 0x0F)
  44   1              {
  45   2                      Key_Sta[keyout] = 1;
  46   2              }
  47   1              
  48   1              keyout++;
  49   1              keyout &= 0x03;
  50   1      }
  51                  


MODULE INFORMATION:   STATIC OVERLAYABLE
C51 COMPILER V9.60.0.0   KEYBOARD                                                          04/04/2023 22:08:55 PAGE 2   

   CODE SIZE        =    175    ----
   CONSTANT SIZE    =      4    ----
   XDATA SIZE       =   ----    ----
   PDATA SIZE       =   ----    ----
   DATA SIZE        =     13       1
   IDATA SIZE       =   ----    ----
   BIT SIZE         =   ----    ----
END OF MODULE INFORMATION.


C51 COMPILATION COMPLETE.  0 WARNING(S),  0 ERROR(S)
